time="2026-09-28T14:08:58Z" level=warning msg="Legacy env var detected, use --features or K6_FEATURES instead" env=K6_PROMETHEUS_RW_TREND_AS_NATIVE_HISTOGRAM feature=native-histograms lifecycle=deprecated_alias source=env_legacy_alias
time="2026-09-28T14:08:58Z" level=info msg="Experimental feature enabled" feature=native-histograms lifecycle=experimental
time="2026-09-28T14:09:22Z" level=info msg="SCENARIO_START 2026-09-28T14:09:22.208Z" source=console


  █ TOTAL RESULTS 

    checks_total.......: 2620    18.253647/s
    checks_succeeded...: 100.00% 2620 out of 2620
    checks_failed......: 0.00%   0 out of 2620

    ✓ setup-login 200
    ✓ history 200
    ✓ account 200
    ✓ transfer 201
    ✓ customer-accounts 200
    ✓ balance 200
    ✓ login 200

    CUSTOM
    relogin_after_minutes..........: min=9.019228 med=10.422241 avg=10.403276 p(90)=11.625168 p(95)=11.804348 p(99)=11.94147 max=11.997995

    HTTP
    http_req_duration..............: min=3.04ms   med=8.55ms    avg=28.04ms   p(90)=96.37ms   p(95)=107.34ms  p(99)=143.96ms max=370.79ms 
      { expected_response:true }...: min=3.04ms   med=8.55ms    avg=28.04ms   p(90)=96.37ms   p(95)=107.34ms  p(99)=143.96ms max=370.79ms 
    http_req_failed................: 0.00%  0 out of 2620
    http_reqs......................: 2620   18.253647/s

    EXECUTION
    iteration_duration.............: min=3.19ms   med=7.92ms    avg=21.28ms   p(90)=84.82ms   p(95)=95.77ms   p(99)=133.27ms max=373.25ms 
    iterations.....................: 2400   16.720898/s
    vus............................: 0      min=0         max=2  
    vus_max........................: 200    min=200       max=200

    NETWORK
    data_received..................: 2.0 MB 14 kB/s
    data_sent......................: 742 kB 5.2 kB/s



