time="2026-09-30T15:47:30Z" level=warning msg="Legacy env var detected, use --features or K6_FEATURES instead" env=K6_PROMETHEUS_RW_TREND_AS_NATIVE_HISTOGRAM feature=native-histograms lifecycle=deprecated_alias source=env_legacy_alias
time="2026-09-30T15:47:30Z" level=info msg="Experimental feature enabled" feature=native-histograms lifecycle=experimental
time="2026-09-30T15:47:53Z" level=info msg="SCENARIO_START 2026-09-30T15:47:53.730Z" source=console


  █ TOTAL RESULTS 

    checks_total.......: 2621    18.280509/s
    checks_succeeded...: 100.00% 2621 out of 2621
    checks_failed......: 0.00%   0 out of 2621

    ✓ setup-login 200
    ✓ balance 200
    ✓ login 200
    ✓ account 200
    ✓ transfer 201
    ✓ history 200
    ✓ customer-accounts 200

    CUSTOM
    relogin_after_minutes..........: min=9.004939 med=10.459654 avg=10.435934 p(90)=11.539017 p(95)=11.712419 p(99)=11.930616 max=11.957772

    HTTP
    http_req_duration..............: min=3.1ms    med=8.7ms     avg=28.95ms   p(90)=98.71ms   p(95)=112.23ms  p(99)=146.49ms  max=661.37ms 
      { expected_response:true }...: min=3.1ms    med=8.7ms     avg=28.95ms   p(90)=98.71ms   p(95)=112.23ms  p(99)=146.49ms  max=661.37ms 
    http_req_failed................: 0.00%  0 out of 2621
    http_reqs......................: 2621   18.280509/s

    EXECUTION
    iteration_duration.............: min=3.39ms   med=8.04ms    avg=22.54ms   p(90)=86.62ms   p(95)=100.78ms  p(99)=145.63ms  max=673.85ms 
    iterations.....................: 2401   16.746091/s
    vus............................: 0      min=0         max=2  
    vus_max........................: 200    min=200       max=200

    NETWORK
    data_received..................: 2.0 MB 14 kB/s
    data_sent......................: 738 kB 5.1 kB/s



