time="2026-09-28T02:49:01Z" level=warning msg="Legacy env var detected, use --features or K6_FEATURES instead" env=K6_PROMETHEUS_RW_TREND_AS_NATIVE_HISTOGRAM feature=native-histograms lifecycle=deprecated_alias source=env_legacy_alias
time="2026-09-28T02:49:01Z" level=info msg="Experimental feature enabled" feature=native-histograms lifecycle=experimental
time="2026-09-28T02:49:24Z" level=info msg="SCENARIO_START 2026-09-28T02:49:24.038Z" source=console


  █ TOTAL RESULTS 

    checks_total.......: 2620    18.440296/s
    checks_succeeded...: 100.00% 2620 out of 2620
    checks_failed......: 0.00%   0 out of 2620

    ✓ setup-login 200
    ✓ history 200
    ✓ login 200
    ✓ balance 200
    ✓ transfer 201
    ✓ customer-accounts 200
    ✓ account 200

    CUSTOM
    relogin_after_minutes..........: min=9.037972 med=10.726396 avg=10.537443 p(90)=11.697924 p(95)=11.875786 p(99)=11.956547 max=11.996647

    HTTP
    http_req_duration..............: min=3.12ms   med=8.04ms    avg=26.54ms   p(90)=92.47ms   p(95)=99.69ms   p(99)=131.15ms  max=486.3ms  
      { expected_response:true }...: min=3.12ms   med=8.04ms    avg=26.54ms   p(90)=92.47ms   p(95)=99.69ms   p(99)=131.15ms  max=486.3ms  
    http_req_failed................: 0.00%  0 out of 2620
    http_reqs......................: 2620   18.440296/s

    EXECUTION
    iteration_duration.............: min=3.43ms   med=7.71ms    avg=20.4ms    p(90)=84.88ms   p(95)=92.56ms   p(99)=121.49ms  max=486.74ms 
    iterations.....................: 2400   16.891874/s
    vus............................: 0      min=0         max=3  
    vus_max........................: 200    min=200       max=200

    NETWORK
    data_received..................: 2.0 MB 14 kB/s
    data_sent......................: 740 kB 5.2 kB/s



