time="2026-09-28T04:29:39Z" level=warning msg="Legacy env var detected, use --features or K6_FEATURES instead" env=K6_PROMETHEUS_RW_TREND_AS_NATIVE_HISTOGRAM feature=native-histograms lifecycle=deprecated_alias source=env_legacy_alias
time="2026-09-28T04:29:39Z" level=info msg="Experimental feature enabled" feature=native-histograms lifecycle=experimental
time="2026-09-28T04:30:06Z" level=info msg="SCENARIO_START 2026-09-28T04:30:06.612Z" source=console


  █ TOTAL RESULTS 

    checks_total.......: 2621    17.89337/s
    checks_succeeded...: 100.00% 2621 out of 2621
    checks_failed......: 0.00%   0 out of 2621

    ✓ setup-login 200
    ✓ customer-accounts 200
    ✓ balance 200
    ✓ history 200
    ✓ transfer 201
    ✓ login 200
    ✓ account 200

    CUSTOM
    relogin_after_minutes..........: min=9.000516 med=10.34953 avg=10.430953 p(90)=11.67298 p(95)=11.796953 p(99)=11.96055 max=11.996561

    HTTP
    http_req_duration..............: min=3.28ms   med=8.39ms   avg=29.1ms    p(90)=97.67ms  p(95)=109.37ms  p(99)=171.04ms max=927.17ms 
      { expected_response:true }...: min=3.28ms   med=8.39ms   avg=29.1ms    p(90)=97.67ms  p(95)=109.37ms  p(99)=171.04ms max=927.17ms 
    http_req_failed................: 0.00%  0 out of 2621
    http_reqs......................: 2621   17.89337/s

    EXECUTION
    iteration_duration.............: min=3.51ms   med=7.9ms    avg=21.42ms   p(90)=83.82ms  p(95)=96.49ms   p(99)=134.95ms max=545.82ms 
    iterations.....................: 2401   16.391447/s
    vus............................: 0      min=0         max=4  
    vus_max........................: 200    min=200       max=200

    NETWORK
    data_received..................: 2.0 MB 14 kB/s
    data_sent......................: 734 kB 5.0 kB/s



