time="2026-09-27T17:35:00Z" level=warning msg="Legacy env var detected, use --features or K6_FEATURES instead" env=K6_PROMETHEUS_RW_TREND_AS_NATIVE_HISTOGRAM feature=native-histograms lifecycle=deprecated_alias source=env_legacy_alias
time="2026-09-27T17:35:00Z" level=info msg="Experimental feature enabled" feature=native-histograms lifecycle=experimental
time="2026-09-27T17:35:25Z" level=info msg="SCENARIO_START 2026-09-27T17:35:25.219Z" source=console


  █ TOTAL RESULTS 

    checks_total.......: 2621    18.186699/s
    checks_succeeded...: 100.00% 2621 out of 2621
    checks_failed......: 0.00%   0 out of 2621

    ✓ setup-login 200
    ✓ history 200
    ✓ account 200
    ✓ login 200
    ✓ customer-accounts 200
    ✓ transfer 201
    ✓ balance 200

    HTTP
    http_req_duration..............: min=3.25ms med=8.31ms avg=28.34ms p(90)=96.91ms p(95)=105.44ms p(99)=152.74ms max=476.66ms
      { expected_response:true }...: min=3.25ms med=8.31ms avg=28.34ms p(90)=96.91ms p(95)=105.44ms p(99)=152.74ms max=476.66ms
    http_req_failed................: 0.00%  0 out of 2621
    http_reqs......................: 2621   18.186699/s

    EXECUTION
    iteration_duration.............: min=3.42ms med=7.81ms avg=21.41ms p(90)=85.17ms p(95)=96.47ms  p(99)=141.43ms max=477ms   
    iterations.....................: 2401   16.660154/s
    vus............................: 0      min=0         max=3  
    vus_max........................: 200    min=200       max=200

    NETWORK
    data_received..................: 2.0 MB 14 kB/s
    data_sent......................: 737 kB 5.1 kB/s



