time="2026-09-28T04:32:30Z" level=warning msg="Legacy env var detected, use --features or K6_FEATURES instead" env=K6_PROMETHEUS_RW_TREND_AS_NATIVE_HISTOGRAM feature=native-histograms lifecycle=deprecated_alias source=env_legacy_alias
time="2026-09-28T04:32:30Z" level=info msg="Experimental feature enabled" feature=native-histograms lifecycle=experimental
time="2026-09-28T04:32:50Z" level=info msg="SCENARIO_START 2026-09-28T04:32:50.510Z" source=console


  █ TOTAL RESULTS 

    checks_total.......: 42485   34.830411/s
    checks_succeeded...: 100.00% 42485 out of 42485
    checks_failed......: 0.00%   0 out of 42485

    ✓ setup-login 200
    ✓ history 200
    ✓ transfer 201
    ✓ login 200
    ✓ balance 200
    ✓ customer-accounts 200
    ✓ account 200
    ✓ relogin 200

    CUSTOM
    relogin_after_minutes..........: min=9.074872 med=10.630033 avg=10.550066 p(90)=11.68754 p(95)=11.877269 p(99)=11.959959 max=11.998674

    HTTP
    http_req_duration..............: min=1.85ms   med=5.08ms    avg=20.81ms   p(90)=83.68ms  p(95)=98.96ms   p(99)=189.49ms  max=1.44s    
      { expected_response:true }...: min=1.85ms   med=5.08ms    avg=20.81ms   p(90)=83.68ms  p(95)=98.96ms   p(99)=189.49ms  max=1.44s    
    http_req_failed................: 0.00%  0 out of 42485
    http_reqs......................: 42485  34.830411/s

    EXECUTION
    iteration_duration.............: min=1.99ms   med=5.41ms    avg=20.94ms   p(90)=83.86ms  p(95)=99.85ms   p(99)=192.53ms  max=1.44s    
    iterations.....................: 42001  34.433614/s
    vus............................: 0      min=0          max=13 
    vus_max........................: 200    min=200        max=200

    NETWORK
    data_received..................: 51 MB  42 kB/s
    data_sent......................: 4.5 MB 3.7 kB/s



