time="2026-09-27T18:46:31Z" level=warning msg="Legacy env var detected, use --features or K6_FEATURES instead" env=K6_PROMETHEUS_RW_TREND_AS_NATIVE_HISTOGRAM feature=native-histograms lifecycle=deprecated_alias source=env_legacy_alias
time="2026-09-27T18:46:31Z" level=info msg="Experimental feature enabled" feature=native-histograms lifecycle=experimental
time="2026-09-27T18:46:54Z" level=info msg="SCENARIO_START 2026-09-27T18:46:54.255Z" source=console


  █ TOTAL RESULTS 

    checks_total.......: 2620    18.413291/s
    checks_succeeded...: 100.00% 2620 out of 2620
    checks_failed......: 0.00%   0 out of 2620

    ✓ setup-login 200
    ✓ history 200
    ✓ balance 200
    ✓ account 200
    ✓ transfer 201
    ✓ customer-accounts 200
    ✓ login 200

    HTTP
    http_req_duration..............: min=3.09ms med=8.03ms avg=26.18ms p(90)=93.54ms p(95)=103.49ms p(99)=143.61ms max=337.63ms
      { expected_response:true }...: min=3.09ms med=8.03ms avg=26.18ms p(90)=93.54ms p(95)=103.49ms p(99)=143.61ms max=337.63ms
    http_req_failed................: 0.00%  0 out of 2620
    http_reqs......................: 2620   18.413291/s

    EXECUTION
    iteration_duration.............: min=3.27ms med=7.52ms avg=19.83ms p(90)=52.45ms p(95)=92.92ms  p(99)=134.78ms max=339.8ms 
    iterations.....................: 2400   16.867136/s
    vus............................: 0      min=0         max=2  
    vus_max........................: 200    min=200       max=200

    NETWORK
    data_received..................: 2.0 MB 14 kB/s
    data_sent......................: 736 kB 5.2 kB/s



