time="2026-09-28T02:34:29Z" level=warning msg="Legacy env var detected, use --features or K6_FEATURES instead" env=K6_PROMETHEUS_RW_TREND_AS_NATIVE_HISTOGRAM feature=native-histograms lifecycle=deprecated_alias source=env_legacy_alias
time="2026-09-28T02:34:29Z" level=info msg="Experimental feature enabled" feature=native-histograms lifecycle=experimental
time="2026-09-28T02:34:52Z" level=info msg="SCENARIO_START 2026-09-28T02:34:52.710Z" source=console


  █ TOTAL RESULTS 

    checks_total.......: 2621    18.31309/s
    checks_succeeded...: 100.00% 2621 out of 2621
    checks_failed......: 0.00%   0 out of 2621

    ✓ setup-login 200
    ✓ history 200
    ✓ customer-accounts 200
    ✓ account 200
    ✓ transfer 201
    ✓ balance 200
    ✓ login 200

    CUSTOM
    relogin_after_minutes..........: min=9.005603 med=10.385455 avg=10.428626 p(90)=11.651966 p(95)=11.798661 p(99)=11.97814 max=11.985174

    HTTP
    http_req_duration..............: min=3.13ms   med=7.53ms    avg=27.92ms   p(90)=94.69ms   p(95)=104.04ms  p(99)=143.51ms max=899.11ms 
      { expected_response:true }...: min=3.13ms   med=7.53ms    avg=27.92ms   p(90)=94.69ms   p(95)=104.04ms  p(99)=143.51ms max=899.11ms 
    http_req_failed................: 0.00%  0 out of 2621
    http_reqs......................: 2621   18.31309/s

    EXECUTION
    iteration_duration.............: min=3.43ms   med=7.27ms    avg=21.53ms   p(90)=84.85ms   p(95)=95.01ms   p(99)=135.38ms max=896.34ms 
    iterations.....................: 2401   16.775937/s
    vus............................: 0      min=0         max=6  
    vus_max........................: 200    min=200       max=200

    NETWORK
    data_received..................: 2.0 MB 14 kB/s
    data_sent......................: 739 kB 5.2 kB/s



