time="2026-09-28T13:55:09Z" level=warning msg="Legacy env var detected, use --features or K6_FEATURES instead" env=K6_PROMETHEUS_RW_TREND_AS_NATIVE_HISTOGRAM feature=native-histograms lifecycle=deprecated_alias source=env_legacy_alias
time="2026-09-28T13:55:09Z" level=info msg="Experimental feature enabled" feature=native-histograms lifecycle=experimental
time="2026-09-28T13:55:33Z" level=info msg="SCENARIO_START 2026-09-28T13:55:33.432Z" source=console


  █ TOTAL RESULTS 

    checks_total.......: 2621    18.297252/s
    checks_succeeded...: 100.00% 2621 out of 2621
    checks_failed......: 0.00%   0 out of 2621

    ✓ setup-login 200
    ✓ balance 200
    ✓ history 200
    ✓ customer-accounts 200
    ✓ transfer 201
    ✓ account 200
    ✓ login 200

    CUSTOM
    relogin_after_minutes..........: min=9.008072 med=10.551541 avg=10.510429 p(90)=11.665915 p(95)=11.844993 p(99)=11.982943 max=11.993194

    HTTP
    http_req_duration..............: min=2.93ms   med=9.26ms    avg=28.31ms   p(90)=98.41ms   p(95)=108.75ms  p(99)=136.81ms  max=369.26ms 
      { expected_response:true }...: min=2.93ms   med=9.26ms    avg=28.31ms   p(90)=98.41ms   p(95)=108.75ms  p(99)=136.81ms  max=369.26ms 
    http_req_failed................: 0.00%  0 out of 2621
    http_reqs......................: 2621   18.297252/s

    EXECUTION
    iteration_duration.............: min=3.17ms   med=8.59ms    avg=21.69ms   p(90)=84.68ms   p(95)=99.63ms   p(99)=131.78ms  max=371.39ms 
    iterations.....................: 2401   16.761427/s
    vus............................: 0      min=0         max=2  
    vus_max........................: 200    min=200       max=200

    NETWORK
    data_received..................: 2.0 MB 14 kB/s
    data_sent......................: 740 kB 5.2 kB/s



