time="2026-09-27T18:00:52Z" level=warning msg="Legacy env var detected, use --features or K6_FEATURES instead" env=K6_PROMETHEUS_RW_TREND_AS_NATIVE_HISTOGRAM feature=native-histograms lifecycle=deprecated_alias source=env_legacy_alias
time="2026-09-27T18:00:52Z" level=info msg="Experimental feature enabled" feature=native-histograms lifecycle=experimental
time="2026-09-27T18:01:16Z" level=info msg="SCENARIO_START 2026-09-27T18:01:16.671Z" source=console


  █ TOTAL RESULTS 

    checks_total.......: 35400   77.091574/s
    checks_succeeded...: 100.00% 35400 out of 35400
    checks_failed......: 0.00%   0 out of 35400

    ✓ setup-login 200
    ✓ parallel-balance 200
    ✓ hot-transfer 201

    HTTP
    http_req_duration..............: min=1.99ms med=9.87ms  avg=418.63ms p(90)=1.61s p(95)=2.68s p(99)=3.97s max=7.3s
      { expected_response:true }...: min=1.99ms med=9.87ms  avg=418.63ms p(90)=1.61s p(95)=2.68s p(99)=3.97s max=7.3s
    http_req_failed................: 0.00%  0 out of 35400
    http_reqs......................: 35400  77.091574/s

    EXECUTION
    dropped_iterations.............: 374    0.81447/s
    iteration_duration.............: min=2.11ms med=10.03ms avg=420.83ms p(90)=1.62s p(95)=2.69s p(99)=3.97s max=7.3s
    iterations.....................: 35180  76.612474/s
    vus............................: 473    min=0          max=473
    vus_max........................: 482    min=120        max=482

    NETWORK
    data_received..................: 13 MB  29 kB/s
    data_sent......................: 7.1 MB 16 kB/s



time="2026-09-27T18:08:32Z" level=error msg="test run was aborted because k6 received a 'interrupt' signal"
