time="2026-09-27T17:58:10Z" level=warning msg="Legacy env var detected, use --features or K6_FEATURES instead" env=K6_PROMETHEUS_RW_TREND_AS_NATIVE_HISTOGRAM feature=native-histograms lifecycle=deprecated_alias source=env_legacy_alias
time="2026-09-27T17:58:10Z" level=info msg="Experimental feature enabled" feature=native-histograms lifecycle=experimental
time="2026-09-27T17:58:38Z" level=info msg="SCENARIO_START 2026-09-27T17:58:38.257Z" source=console


  █ TOTAL RESULTS 

    checks_total.......: 2621    17.71633/s
    checks_succeeded...: 100.00% 2621 out of 2621
    checks_failed......: 0.00%   0 out of 2621

    ✓ setup-login 200
    ✓ balance 200
    ✓ history 200
    ✓ customer-accounts 200
    ✓ transfer 201
    ✓ account 200
    ✓ login 200

    HTTP
    http_req_duration..............: min=3.31ms med=11.65ms avg=33.46ms p(90)=113.65ms p(95)=128.56ms p(99)=186.15ms max=496.61ms
      { expected_response:true }...: min=3.31ms med=11.65ms avg=33.46ms p(90)=113.65ms p(95)=128.56ms p(99)=186.15ms max=496.61ms
    http_req_failed................: 0.00%  0 out of 2621
    http_reqs......................: 2621   17.71633/s

    EXECUTION
    iteration_duration.............: min=3.53ms med=10.58ms avg=25.41ms p(90)=88.52ms  p(95)=109.18ms p(99)=165.44ms max=496.94ms
    iterations.....................: 2401   16.229267/s
    vus............................: 0      min=0         max=4  
    vus_max........................: 200    min=200       max=200

    NETWORK
    data_received..................: 2.0 MB 13 kB/s
    data_sent......................: 738 kB 5.0 kB/s



