time="2026-09-30T14:17:15Z" level=warning msg="Legacy env var detected, use --features or K6_FEATURES instead" env=K6_PROMETHEUS_RW_TREND_AS_NATIVE_HISTOGRAM feature=native-histograms lifecycle=deprecated_alias source=env_legacy_alias
time="2026-09-30T14:17:15Z" level=info msg="Experimental feature enabled" feature=native-histograms lifecycle=experimental
time="2026-09-30T14:17:39Z" level=info msg="SCENARIO_START 2026-09-30T14:17:39.641Z" source=console


  █ TOTAL RESULTS 

    checks_total.......: 2621    18.235012/s
    checks_succeeded...: 100.00% 2621 out of 2621
    checks_failed......: 0.00%   0 out of 2621

    ✓ setup-login 200
    ✓ history 200
    ✓ customer-accounts 200
    ✓ balance 200
    ✓ transfer 201
    ✓ login 200
    ✓ account 200

    CUSTOM
    relogin_after_minutes..........: min=9.004694 med=10.525897 avg=10.536412 p(90)=11.716118 p(95)=11.914409 p(99)=11.98095 max=11.993504

    HTTP
    http_req_duration..............: min=3.1ms    med=8.62ms    avg=28.38ms   p(90)=97.64ms   p(95)=108.92ms  p(99)=151.01ms max=624.91ms 
      { expected_response:true }...: min=3.1ms    med=8.62ms    avg=28.38ms   p(90)=97.64ms   p(95)=108.92ms  p(99)=151.01ms max=624.91ms 
    http_req_failed................: 0.00%  0 out of 2621
    http_reqs......................: 2621   18.235012/s

    EXECUTION
    iteration_duration.............: min=3.3ms    med=8.05ms    avg=21.72ms   p(90)=62.93ms   p(95)=96.9ms    p(99)=139.83ms max=625.4ms  
    iterations.....................: 2401   16.704412/s
    vus............................: 0      min=0         max=2  
    vus_max........................: 200    min=200       max=200

    NETWORK
    data_received..................: 1.9 MB 14 kB/s
    data_sent......................: 735 kB 5.1 kB/s



