time="2026-09-28T01:33:32Z" level=warning msg="Legacy env var detected, use --features or K6_FEATURES instead" env=K6_PROMETHEUS_RW_TREND_AS_NATIVE_HISTOGRAM feature=native-histograms lifecycle=deprecated_alias source=env_legacy_alias
time="2026-09-28T01:33:32Z" level=info msg="Experimental feature enabled" feature=native-histograms lifecycle=experimental
time="2026-09-28T01:33:57Z" level=info msg="SCENARIO_START 2026-09-28T01:33:57.536Z" source=console


  █ TOTAL RESULTS 

    checks_total.......: 2621    18.143204/s
    checks_succeeded...: 100.00% 2621 out of 2621
    checks_failed......: 0.00%   0 out of 2621

    ✓ setup-login 200
    ✓ history 200
    ✓ account 200
    ✓ customer-accounts 200
    ✓ balance 200
    ✓ login 200
    ✓ transfer 201

    CUSTOM
    relogin_after_minutes..........: min=9.00412 med=10.554127 avg=10.548713 p(90)=11.699763 p(95)=11.855085 p(99)=11.938504 max=11.978379

    HTTP
    http_req_duration..............: min=3.12ms  med=8.25ms    avg=28.73ms   p(90)=96.25ms   p(95)=110.3ms   p(99)=151.27ms  max=674.36ms 
      { expected_response:true }...: min=3.12ms  med=8.25ms    avg=28.73ms   p(90)=96.25ms   p(95)=110.3ms   p(99)=151.27ms  max=674.36ms 
    http_req_failed................: 0.00%  0 out of 2621
    http_reqs......................: 2621   18.143204/s

    EXECUTION
    iteration_duration.............: min=3.41ms  med=7.73ms    avg=21.8ms    p(90)=85.25ms   p(95)=93.4ms    p(99)=136.57ms  max=674.69ms 
    iterations.....................: 2401   16.62031/s
    vus............................: 0      min=0         max=2  
    vus_max........................: 200    min=200       max=200

    NETWORK
    data_received..................: 2.0 MB 14 kB/s
    data_sent......................: 739 kB 5.1 kB/s



