time="2026-09-28T03:56:54Z" level=warning msg="Legacy env var detected, use --features or K6_FEATURES instead" env=K6_PROMETHEUS_RW_TREND_AS_NATIVE_HISTOGRAM feature=native-histograms lifecycle=deprecated_alias source=env_legacy_alias
time="2026-09-28T03:56:54Z" level=info msg="Experimental feature enabled" feature=native-histograms lifecycle=experimental
time="2026-09-28T03:57:15Z" level=info msg="SCENARIO_START 2026-09-28T03:57:15.054Z" source=console


  █ TOTAL RESULTS 

    checks_total.......: 42493   34.827938/s
    checks_succeeded...: 100.00% 42493 out of 42493
    checks_failed......: 0.00%   0 out of 42493

    ✓ setup-login 200
    ✓ customer-accounts 200
    ✓ history 200
    ✓ transfer 201
    ✓ balance 200
    ✓ account 200
    ✓ login 200
    ✓ relogin 200

    CUSTOM
    relogin_after_minutes..........: min=9.004492 med=10.430242 avg=10.445959 p(90)=11.581711 p(95)=11.795667 p(99)=11.964853 max=11.973693

    HTTP
    http_req_duration..............: min=1.84ms   med=6.19ms    avg=22.52ms   p(90)=84.24ms   p(95)=106.21ms  p(99)=212.67ms  max=1.75s    
      { expected_response:true }...: min=1.84ms   med=6.19ms    avg=22.52ms   p(90)=84.24ms   p(95)=106.21ms  p(99)=212.67ms  max=1.75s    
    http_req_failed................: 0.00%  0 out of 42493
    http_reqs......................: 42493  34.827938/s

    EXECUTION
    iteration_duration.............: min=2.04ms   med=6.47ms    avg=22.64ms   p(90)=84.3ms    p(95)=107.33ms  p(99)=215.03ms  max=1.75s    
    iterations.....................: 42001  34.424687/s
    vus............................: 0      min=0          max=16 
    vus_max........................: 200    min=200        max=200

    NETWORK
    data_received..................: 51 MB  42 kB/s
    data_sent......................: 4.5 MB 3.7 kB/s



