time="2026-09-27T19:23:55Z" level=warning msg="Legacy env var detected, use --features or K6_FEATURES instead" env=K6_PROMETHEUS_RW_TREND_AS_NATIVE_HISTOGRAM feature=native-histograms lifecycle=deprecated_alias source=env_legacy_alias
time="2026-09-27T19:23:55Z" level=info msg="Experimental feature enabled" feature=native-histograms lifecycle=experimental
time="2026-09-27T19:24:16Z" level=info msg="SCENARIO_START 2026-09-27T19:24:16.764Z" source=console


  █ TOTAL RESULTS 

    checks_total.......: 42420   34.748042/s
    checks_succeeded...: 100.00% 42420 out of 42420
    checks_failed......: 0.00%   0 out of 42420

    ✓ setup-login 200
    ✓ account 200
    ✓ balance 200
    ✓ history 200
    ✓ transfer 201
    ✓ login 200
    ✓ customer-accounts 200
    ✓ relogin 200

    HTTP
    http_req_duration..............: min=1.99ms med=4.52ms avg=55.79ms p(90)=83.7ms  p(95)=100.17ms p(99)=1.36s    max=8.83s 
      { expected_response:true }...: min=1.99ms med=4.52ms avg=55.79ms p(90)=83.7ms  p(95)=100.17ms p(99)=1.36s    max=8.83s 
    http_req_failed................: 0.00%  0 out of 42420
    http_reqs......................: 42420  34.748042/s

    EXECUTION
    iteration_duration.............: min=2.12ms med=4.69ms avg=56.09ms p(90)=83.46ms p(95)=98.51ms  p(99)=656.34ms max=10.18s
    iterations.....................: 42000  34.404002/s
    vus............................: 0      min=0          max=189
    vus_max........................: 200    min=200        max=200

    NETWORK
    data_received..................: 51 MB  42 kB/s
    data_sent......................: 4.5 MB 3.7 kB/s



