time="2026-09-28T01:59:46Z" level=warning msg="Legacy env var detected, use --features or K6_FEATURES instead" env=K6_PROMETHEUS_RW_TREND_AS_NATIVE_HISTOGRAM feature=native-histograms lifecycle=deprecated_alias source=env_legacy_alias
time="2026-09-28T01:59:46Z" level=info msg="Experimental feature enabled" feature=native-histograms lifecycle=experimental
time="2026-09-28T02:00:13Z" level=info msg="SCENARIO_START 2026-09-28T02:00:13.013Z" source=console


  █ TOTAL RESULTS 

    checks_total.......: 2621    17.908495/s
    checks_succeeded...: 100.00% 2621 out of 2621
    checks_failed......: 0.00%   0 out of 2621

    ✓ setup-login 200
    ✓ account 200
    ✓ history 200
    ✓ balance 200
    ✓ transfer 201
    ✓ customer-accounts 200
    ✓ login 200

    CUSTOM
    relogin_after_minutes..........: min=9.024519 med=10.411228 avg=10.384499 p(90)=11.514406 p(95)=11.718854 p(99)=11.922438 max=11.964309

    HTTP
    http_req_duration..............: min=3.2ms    med=10.7ms    avg=32.1ms    p(90)=102ms     p(95)=118.6ms   p(99)=186.89ms  max=916.22ms 
      { expected_response:true }...: min=3.2ms    med=10.7ms    avg=32.1ms    p(90)=102ms     p(95)=118.6ms   p(99)=186.89ms  max=916.22ms 
    http_req_failed................: 0.00%  0 out of 2621
    http_reqs......................: 2621   17.908495/s

    EXECUTION
    iteration_duration.............: min=3.52ms   med=9.47ms    avg=24.76ms   p(90)=85.83ms   p(95)=104.83ms  p(99)=165.13ms  max=916.63ms 
    iterations.....................: 2401   16.405302/s
    vus............................: 0      min=0         max=4  
    vus_max........................: 200    min=200       max=200

    NETWORK
    data_received..................: 2.0 MB 14 kB/s
    data_sent......................: 734 kB 5.0 kB/s



