time="2026-09-27T18:14:08Z" level=warning msg="Legacy env var detected, use --features or K6_FEATURES instead" env=K6_PROMETHEUS_RW_TREND_AS_NATIVE_HISTOGRAM feature=native-histograms lifecycle=deprecated_alias source=env_legacy_alias
time="2026-09-27T18:14:08Z" level=info msg="Experimental feature enabled" feature=native-histograms lifecycle=experimental
time="2026-09-27T18:14:30Z" level=info msg="SCENARIO_START 2026-09-27T18:14:30.920Z" source=console
time="2026-09-27T18:26:43Z" level=warning msg="Request Failed" error="Post \"https://172.31.63.69/api/v1/auth/login\": request timeout"
time="2026-09-27T18:26:43Z" level=warning msg="Request Failed" error="Post \"https://172.31.63.69/api/v1/auth/login\": request timeout"
time="2026-09-27T18:26:44Z" level=warning msg="Request Failed" error="Post \"https://172.31.63.69/api/v1/auth/login\": request timeout"


  █ TOTAL RESULTS 

    checks_total.......: 42421  34.711532/s
    checks_succeeded...: 99.99% 42418 out of 42421
    checks_failed......: 0.00%  3 out of 42421

    ✓ setup-login 200
    ✓ balance 200
    ✓ transfer 201
    ✓ history 200
    ✓ customer-accounts 200
    ✓ account 200
    ✓ login 200
    ✗ relogin 200
      ↳  98% — ✓ 206 / ✗ 3

    HTTP
    http_req_duration..............: min=2.11ms med=6.53ms avg=63.99ms p(90)=91.28ms p(95)=116.09ms p(99)=1.62s    max=10s   
      { expected_response:true }...: min=2.11ms med=6.53ms avg=63.29ms p(90)=91.27ms p(95)=116.04ms p(99)=1.59s    max=9.95s 
    http_req_failed................: 0.00%  3 out of 42421
    http_reqs......................: 42421  34.711532/s

    EXECUTION
    dropped_iterations.............: 6      0.00491/s
    iteration_duration.............: min=2.25ms med=6.63ms avg=64.34ms p(90)=89.02ms p(95)=113.65ms p(99)=868.35ms max=12.71s
    iterations.....................: 41995  34.362952/s
    vus............................: 0      min=0          max=201
    vus_max........................: 206    min=200        max=206

    NETWORK
    data_received..................: 51 MB  42 kB/s
    data_sent......................: 4.5 MB 3.7 kB/s



