time="2026-09-28T02:24:48Z" level=warning msg="Legacy env var detected, use --features or K6_FEATURES instead" env=K6_PROMETHEUS_RW_TREND_AS_NATIVE_HISTOGRAM feature=native-histograms lifecycle=deprecated_alias source=env_legacy_alias
time="2026-09-28T02:24:48Z" level=info msg="Experimental feature enabled" feature=native-histograms lifecycle=experimental
time="2026-09-28T02:25:09Z" level=info msg="SCENARIO_START 2026-09-28T02:25:09.819Z" source=console
time="2026-09-28T02:31:25Z" level=info msg="FAILKEY b540d56b-c2ed-4f68-b06b-510a7145c439 0 hot-transfer" source=console
time="2026-09-28T02:31:25Z" level=info msg="FAILKEY af8ac50a-47b4-4219-8739-7b1911b7822f 0 hot-transfer" source=console


  █ TOTAL RESULTS 

    checks_total.......: 27532   69.306342/s
    checks_succeeded...: 100.00% 27532 out of 27532
    checks_failed......: 0.00%   0 out of 27532

    ✓ setup-login 200
    ✓ parallel-balance 200
    ✓ hot-transfer 201

    CUSTOM
    relogin_after_minutes..........: min=9.008082 med=10.397417 avg=10.407812 p(90)=11.620415 p(95)=11.812188 p(99)=11.936877 max=11.98491

    HTTP
    http_req_duration..............: min=1.87ms   med=7.84ms    avg=74.87ms   p(90)=83.43ms   p(95)=329.42ms  p(99)=1.37s     max=4.81s   
      { expected_response:true }...: min=1.87ms   med=7.84ms    avg=74.87ms   p(90)=83.43ms   p(95)=329.42ms  p(99)=1.37s     max=4.81s   
    http_req_failed................: 0.00%  0 out of 27532
    http_reqs......................: 27532  69.306342/s

    EXECUTION
    dropped_iterations.............: 99     0.249213/s
    iteration_duration.............: min=1.99ms   med=8.13ms    avg=75.09ms   p(90)=70.28ms   p(95)=340.79ms  p(99)=1.38s     max=4.81s   
    iterations.....................: 27312  68.752536/s
    vus............................: 2      min=0          max=214
    vus_max........................: 218    min=120        max=218

    NETWORK
    data_received..................: 10 MB  25 kB/s
    data_sent......................: 5.0 MB 13 kB/s



time="2026-09-28T02:31:26Z" level=error msg="test run was aborted because k6 received a 'interrupt' signal"
