time="2026-09-28T13:04:37Z" level=warning msg="Legacy env var detected, use --features or K6_FEATURES instead" env=K6_PROMETHEUS_RW_TREND_AS_NATIVE_HISTOGRAM feature=native-histograms lifecycle=deprecated_alias source=env_legacy_alias
time="2026-09-28T13:04:37Z" level=info msg="Experimental feature enabled" feature=native-histograms lifecycle=experimental
time="2026-09-28T13:04:59Z" level=info msg="SCENARIO_START 2026-09-28T13:04:59.690Z" source=console


  █ TOTAL RESULTS 

    checks_total.......: 2620    18.408365/s
    checks_succeeded...: 100.00% 2620 out of 2620
    checks_failed......: 0.00%   0 out of 2620

    ✓ setup-login 200
    ✓ login 200
    ✓ history 200
    ✓ account 200
    ✓ transfer 201
    ✓ customer-accounts 200
    ✓ balance 200

    CUSTOM
    relogin_after_minutes..........: min=9.01233 med=10.423146 avg=10.431071 p(90)=11.641581 p(95)=11.912475 p(99)=11.974581 max=11.98713

    HTTP
    http_req_duration..............: min=3.09ms  med=9.52ms    avg=28.72ms   p(90)=96.61ms   p(95)=105.14ms  p(99)=160.22ms  max=487.77ms
      { expected_response:true }...: min=3.09ms  med=9.52ms    avg=28.72ms   p(90)=96.61ms   p(95)=105.14ms  p(99)=160.22ms  max=487.77ms
    http_req_failed................: 0.00%  0 out of 2620
    http_reqs......................: 2620   18.408365/s

    EXECUTION
    iteration_duration.............: min=3.28ms  med=8.6ms     avg=22.59ms   p(90)=84.4ms    p(95)=98.31ms   p(99)=162.97ms  max=490.56ms
    iterations.....................: 2400   16.862625/s
    vus............................: 0      min=0         max=3  
    vus_max........................: 200    min=200       max=200

    NETWORK
    data_received..................: 1.9 MB 14 kB/s
    data_sent......................: 740 kB 5.2 kB/s



