time="2026-09-28T13:42:25Z" level=warning msg="Legacy env var detected, use --features or K6_FEATURES instead" env=K6_PROMETHEUS_RW_TREND_AS_NATIVE_HISTOGRAM feature=native-histograms lifecycle=deprecated_alias source=env_legacy_alias
time="2026-09-28T13:42:25Z" level=info msg="Experimental feature enabled" feature=native-histograms lifecycle=experimental
time="2026-09-28T13:42:45Z" level=info msg="SCENARIO_START 2026-09-28T13:42:45.059Z" source=console
time="2026-09-28T13:52:01Z" level=info msg="FAILKEY e082799d-14bb-4537-82bc-b87c4b898e88 0 hot-transfer" source=console
time="2026-09-28T13:52:01Z" level=info msg="FAILKEY 11a545a0-a605-4f58-8cec-674d6faedde7 0 hot-transfer" source=console
time="2026-09-28T13:52:01Z" level=info msg="FAILKEY 361d77db-b85f-4bcf-a266-0550c2b8e528 0 hot-transfer" source=console
time="2026-09-28T13:52:01Z" level=info msg="FAILKEY 665a058f-0316-46cd-81bf-994342ce4600 0 hot-transfer" source=console
time="2026-09-28T13:52:01Z" level=info msg="FAILKEY f480ed21-f5e4-4f1f-a5c9-c3c86b03e35d 0 hot-transfer" source=console


  █ TOTAL RESULTS 

    checks_total.......: 49300   85.528892/s
    checks_succeeded...: 100.00% 49300 out of 49300
    checks_failed......: 0.00%   0 out of 49300

    ✓ setup-login 200
    ✓ parallel-balance 200
    ✓ hot-transfer 201
    ✓ relogin 200

    CUSTOM
    relogin_after_minutes..........: min=9.028437 med=10.638962 avg=10.546163 p(90)=11.703311 p(95)=11.837235 p(99)=11.928677 max=11.961168

    HTTP
    http_req_duration..............: min=1.75ms   med=7.38ms    avg=44.7ms    p(90)=38.05ms   p(95)=252.94ms  p(99)=869.36ms  max=1.89s    
      { expected_response:true }...: min=1.75ms   med=7.38ms    avg=44.7ms    p(90)=38.05ms   p(95)=252.94ms  p(99)=869.36ms  max=1.89s    
    http_req_failed................: 0.00%  0 out of 49300
    http_reqs......................: 49300  85.528892/s

    EXECUTION
    dropped_iterations.............: 12     0.020818/s
    iteration_duration.............: min=1.87ms   med=7.57ms    avg=44.71ms   p(90)=34.87ms   p(95)=255.15ms  p(99)=869.86ms  max=1.89s    
    iterations.....................: 49060  85.112525/s
    vus............................: 1      min=0          max=126
    vus_max........................: 132    min=120        max=132

    NETWORK
    data_received..................: 17 MB  30 kB/s
    data_sent......................: 8.9 MB 15 kB/s



time="2026-09-28T13:52:01Z" level=error msg="test run was aborted because k6 received a 'interrupt' signal"
