time="2026-09-28T12:51:54Z" level=warning msg="Legacy env var detected, use --features or K6_FEATURES instead" env=K6_PROMETHEUS_RW_TREND_AS_NATIVE_HISTOGRAM feature=native-histograms lifecycle=deprecated_alias source=env_legacy_alias
time="2026-09-28T12:51:54Z" level=info msg="Experimental feature enabled" feature=native-histograms lifecycle=experimental
time="2026-09-28T12:52:18Z" level=info msg="SCENARIO_START 2026-09-28T12:52:18.419Z" source=console


  █ TOTAL RESULTS 

    checks_total.......: 49220   84.948432/s
    checks_succeeded...: 100.00% 49220 out of 49220
    checks_failed......: 0.00%   0 out of 49220

    ✓ setup-login 200
    ✓ parallel-balance 200
    ✓ hot-transfer 201
    ✓ relogin 200

    CUSTOM
    relogin_after_minutes..........: min=9.015942 med=10.584097 avg=10.55495 p(90)=11.753283 p(95)=11.90018 p(99)=11.962302 max=11.992472

    HTTP
    http_req_duration..............: min=1.76ms   med=7.9ms     avg=46.99ms  p(90)=52.02ms   p(95)=251.41ms p(99)=956.57ms  max=2.81s    
      { expected_response:true }...: min=1.76ms   med=7.9ms     avg=46.99ms  p(90)=52.02ms   p(95)=251.41ms p(99)=956.57ms  max=2.81s    
    http_req_failed................: 0.00%  0 out of 49220
    http_reqs......................: 49220  84.948432/s

    EXECUTION
    dropped_iterations.............: 43     0.074213/s
    iteration_duration.............: min=1.86ms   med=8.09ms    avg=46.95ms  p(90)=45.96ms   p(95)=252.74ms p(99)=960.69ms  max=2.81s    
    iterations.....................: 48979  84.532492/s
    vus............................: 1      min=0          max=149
    vus_max........................: 163    min=120        max=163

    NETWORK
    data_received..................: 17 MB  30 kB/s
    data_sent......................: 8.9 MB 15 kB/s



time="2026-09-28T13:01:34Z" level=error msg="test run was aborted because k6 received a 'interrupt' signal"
