time="2026-09-30T13:38:13Z" level=warning msg="Legacy env var detected, use --features or K6_FEATURES instead" env=K6_PROMETHEUS_RW_TREND_AS_NATIVE_HISTOGRAM feature=native-histograms lifecycle=deprecated_alias source=env_legacy_alias
time="2026-09-30T13:38:13Z" level=info msg="Experimental feature enabled" feature=native-histograms lifecycle=experimental
time="2026-09-30T13:38:37Z" level=info msg="SCENARIO_START 2026-09-30T13:38:37.148Z" source=console


  █ TOTAL RESULTS 

    checks_total.......: 2621    18.228885/s
    checks_succeeded...: 100.00% 2621 out of 2621
    checks_failed......: 0.00%   0 out of 2621

    ✓ setup-login 200
    ✓ customer-accounts 200
    ✓ balance 200
    ✓ account 200
    ✓ transfer 201
    ✓ login 200
    ✓ history 200

    CUSTOM
    relogin_after_minutes..........: min=9.013261 med=10.460368 avg=10.488743 p(90)=11.722648 p(95)=11.862545 p(99)=11.973795 max=11.983526

    HTTP
    http_req_duration..............: min=3.1ms    med=10.06ms   avg=29.71ms   p(90)=98.06ms   p(95)=111.98ms  p(99)=153.19ms  max=552.06ms 
      { expected_response:true }...: min=3.1ms    med=10.06ms   avg=29.71ms   p(90)=98.06ms   p(95)=111.98ms  p(99)=153.19ms  max=552.06ms 
    http_req_failed................: 0.00%  0 out of 2621
    http_reqs......................: 2621   18.228885/s

    EXECUTION
    iteration_duration.............: min=3.4ms    med=9.29ms    avg=23.15ms   p(90)=86.37ms   p(95)=98.32ms   p(99)=148.08ms  max=552.4ms  
    iterations.....................: 2401   16.698799/s
    vus............................: 1      min=0         max=2  
    vus_max........................: 200    min=200       max=200

    NETWORK
    data_received..................: 2.0 MB 14 kB/s
    data_sent......................: 739 kB 5.1 kB/s



