time="2026-09-28T01:20:02Z" level=warning msg="Legacy env var detected, use --features or K6_FEATURES instead" env=K6_PROMETHEUS_RW_TREND_AS_NATIVE_HISTOGRAM feature=native-histograms lifecycle=deprecated_alias source=env_legacy_alias
time="2026-09-28T01:20:02Z" level=info msg="Experimental feature enabled" feature=native-histograms lifecycle=experimental
time="2026-09-28T01:20:26Z" level=info msg="SCENARIO_START 2026-09-28T01:20:26.273Z" source=console


  █ TOTAL RESULTS 

    checks_total.......: 2620    18.219015/s
    checks_succeeded...: 100.00% 2620 out of 2620
    checks_failed......: 0.00%   0 out of 2620

    ✓ setup-login 200
    ✓ customer-accounts 200
    ✓ balance 200
    ✓ history 200
    ✓ login 200
    ✓ transfer 201
    ✓ account 200

    CUSTOM
    relogin_after_minutes..........: min=9.032133 med=10.539369 avg=10.585037 p(90)=11.694533 p(95)=11.832837 p(99)=11.972042 max=11.985921

    HTTP
    http_req_duration..............: min=3.3ms    med=9.49ms    avg=28.78ms   p(90)=97.9ms    p(95)=109.83ms  p(99)=144.52ms  max=627.74ms 
      { expected_response:true }...: min=3.3ms    med=9.49ms    avg=28.78ms   p(90)=97.9ms    p(95)=109.83ms  p(99)=144.52ms  max=627.74ms 
    http_req_failed................: 0.00%  0 out of 2620
    http_reqs......................: 2620   18.219015/s

    EXECUTION
    iteration_duration.............: min=3.56ms   med=8.77ms    avg=22.16ms   p(90)=84.94ms   p(95)=97.79ms   p(99)=138.94ms  max=628.14ms 
    iterations.....................: 2400   16.689174/s
    vus............................: 0      min=0         max=5  
    vus_max........................: 200    min=200       max=200

    NETWORK
    data_received..................: 2.0 MB 14 kB/s
    data_sent......................: 745 kB 5.2 kB/s



