time="2026-09-27T17:23:25Z" level=warning msg="Legacy env var detected, use --features or K6_FEATURES instead" env=K6_PROMETHEUS_RW_TREND_AS_NATIVE_HISTOGRAM feature=native-histograms lifecycle=deprecated_alias source=env_legacy_alias
time="2026-09-27T17:23:25Z" level=info msg="Experimental feature enabled" feature=native-histograms lifecycle=experimental
time="2026-09-27T17:23:52Z" level=info msg="SCENARIO_START 2026-09-27T17:23:52.744Z" source=console


  █ TOTAL RESULTS 

    checks_total.......: 2621    17.777635/s
    checks_succeeded...: 100.00% 2621 out of 2621
    checks_failed......: 0.00%   0 out of 2621

    ✓ setup-login 200
    ✓ balance 200
    ✓ history 200
    ✓ account 200
    ✓ customer-accounts 200
    ✓ login 200
    ✓ transfer 201

    HTTP
    http_req_duration..............: min=3.38ms med=13.58ms avg=39.17ms p(90)=118.28ms p(95)=135.84ms p(99)=209.89ms max=958.73ms
      { expected_response:true }...: min=3.38ms med=13.58ms avg=39.17ms p(90)=118.28ms p(95)=135.84ms p(99)=209.89ms max=958.73ms
    http_req_failed................: 0.00%  0 out of 2621
    http_reqs......................: 2621   17.777635/s

    EXECUTION
    iteration_duration.............: min=3.62ms med=11.7ms  avg=32.01ms p(90)=105.11ms p(95)=126.52ms p(99)=217.22ms max=963.09ms
    iterations.....................: 2401   16.285426/s
    vus............................: 1      min=0         max=7  
    vus_max........................: 200    min=200       max=200

    NETWORK
    data_received..................: 2.0 MB 13 kB/s
    data_sent......................: 742 kB 5.0 kB/s



