time="2026-09-27T16:09:56Z" level=warning msg="Legacy env var detected, use --features or K6_FEATURES instead" env=K6_PROMETHEUS_RW_TREND_AS_NATIVE_HISTOGRAM feature=native-histograms lifecycle=deprecated_alias source=env_legacy_alias
time="2026-09-27T16:09:56Z" level=info msg="Experimental feature enabled" feature=native-histograms lifecycle=experimental
time="2026-09-27T16:10:25Z" level=info msg="SCENARIO_START 2026-09-27T16:10:25.056Z" source=console


  █ TOTAL RESULTS 

    checks_total.......: 2621    17.686211/s
    checks_succeeded...: 100.00% 2621 out of 2621
    checks_failed......: 0.00%   0 out of 2621

    ✓ setup-login 200
    ✓ history 200
    ✓ account 200
    ✓ balance 200
    ✓ customer-accounts 200
    ✓ login 200
    ✓ transfer 201

    HTTP
    http_req_duration..............: min=3.28ms med=17.36ms avg=42.67ms p(90)=119.63ms p(95)=145.76ms p(99)=250.27ms max=751.77ms
      { expected_response:true }...: min=3.28ms med=17.36ms avg=42.67ms p(90)=119.63ms p(95)=145.76ms p(99)=250.27ms max=751.77ms
    http_req_failed................: 0.00%  0 out of 2621
    http_reqs......................: 2621   17.686211/s

    EXECUTION
    iteration_duration.............: min=3.6ms  med=16.15ms avg=35.51ms p(90)=97.85ms  p(95)=136.55ms p(99)=250.19ms max=752.12ms
    iterations.....................: 2401   16.201676/s
    vus............................: 0      min=0         max=5  
    vus_max........................: 200    min=200       max=200

    NETWORK
    data_received..................: 2.0 MB 13 kB/s
    data_sent......................: 742 kB 5.0 kB/s



