time="2026-09-30T13:11:53Z" level=warning msg="Legacy env var detected, use --features or K6_FEATURES instead" env=K6_PROMETHEUS_RW_TREND_AS_NATIVE_HISTOGRAM feature=native-histograms lifecycle=deprecated_alias source=env_legacy_alias
time="2026-09-30T13:11:53Z" level=info msg="Experimental feature enabled" feature=native-histograms lifecycle=experimental
time="2026-09-30T13:12:16Z" level=info msg="SCENARIO_START 2026-09-30T13:12:16.507Z" source=console


  █ TOTAL RESULTS 

    checks_total.......: 14010   53.380407/s
    checks_succeeded...: 100.00% 14010 out of 14010
    checks_failed......: 0.00%   0 out of 14010

    ✓ setup-login 200
    ✓ parallel-balance 200
    ✓ hot-transfer 201

    CUSTOM
    relogin_after_minutes..........: min=9.040485 med=10.562511 avg=10.487561 p(90)=11.661587 p(95)=11.834198 p(99)=11.92745 max=11.997061

    HTTP
    http_req_duration..............: min=2ms      med=7.73ms    avg=13.14ms   p(90)=15.48ms   p(95)=26.75ms   p(99)=163.93ms max=696.36ms 
      { expected_response:true }...: min=2ms      med=7.73ms    avg=13.14ms   p(90)=15.48ms   p(95)=26.75ms   p(99)=163.93ms max=696.36ms 
    http_req_failed................: 0.00%  0 out of 14010
    http_reqs......................: 14010  53.380407/s

    EXECUTION
    iteration_duration.............: min=2.23ms   med=8.01ms    avg=12.06ms   p(90)=14.54ms   p(95)=21.52ms   p(99)=151.09ms max=696.75ms 
    iterations.....................: 13790  52.542171/s
    vus............................: 1      min=0          max=26 
    vus_max........................: 120    min=120        max=120

    NETWORK
    data_received..................: 5.2 MB 20 kB/s
    data_sent......................: 2.5 MB 9.4 kB/s



