time="2026-09-27T16:46:56Z" level=warning msg="Legacy env var detected, use --features or K6_FEATURES instead" env=K6_PROMETHEUS_RW_TREND_AS_NATIVE_HISTOGRAM feature=native-histograms lifecycle=deprecated_alias source=env_legacy_alias
time="2026-09-27T16:46:56Z" level=info msg="Experimental feature enabled" feature=native-histograms lifecycle=experimental
time="2026-09-27T16:47:22Z" level=info msg="SCENARIO_START 2026-09-27T16:47:22.055Z" source=console


  █ TOTAL RESULTS 

    checks_total.......: 2621    18.094883/s
    checks_succeeded...: 100.00% 2621 out of 2621
    checks_failed......: 0.00%   0 out of 2621

    ✓ setup-login 200
    ✓ history 200
    ✓ balance 200
    ✓ account 200
    ✓ customer-accounts 200
    ✓ login 200
    ✓ transfer 201

    HTTP
    http_req_duration..............: min=3.14ms med=8.91ms avg=29.08ms p(90)=99.2ms  p(95)=112.79ms p(99)=155.13ms max=360.71ms
      { expected_response:true }...: min=3.14ms med=8.91ms avg=29.08ms p(90)=99.2ms  p(95)=112.79ms p(99)=155.13ms max=360.71ms
    http_req_failed................: 0.00%  0 out of 2621
    http_reqs......................: 2621   18.094883/s

    EXECUTION
    iteration_duration.............: min=3.53ms med=8.47ms avg=22ms    p(90)=85.98ms p(95)=98.82ms  p(99)=138.2ms  max=361.19ms
    iterations.....................: 2401   16.576045/s
    vus............................: 1      min=0         max=3  
    vus_max........................: 200    min=200       max=200

    NETWORK
    data_received..................: 2.0 MB 14 kB/s
    data_sent......................: 736 kB 5.1 kB/s



