time="2026-09-30T13:20:00Z" level=warning msg="Legacy env var detected, use --features or K6_FEATURES instead" env=K6_PROMETHEUS_RW_TREND_AS_NATIVE_HISTOGRAM feature=native-histograms lifecycle=deprecated_alias source=env_legacy_alias
time="2026-09-30T13:20:00Z" level=info msg="Experimental feature enabled" feature=native-histograms lifecycle=experimental
time="2026-09-30T13:20:26Z" level=info msg="SCENARIO_START 2026-09-30T13:20:26.124Z" source=console


  █ TOTAL RESULTS 

    checks_total.......: 2620    18.079725/s
    checks_succeeded...: 100.00% 2620 out of 2620
    checks_failed......: 0.00%   0 out of 2620

    ✓ setup-login 200
    ✓ balance 200
    ✓ account 200
    ✓ login 200
    ✓ history 200
    ✓ transfer 201
    ✓ customer-accounts 200

    CUSTOM
    relogin_after_minutes..........: min=9.048894 med=10.644615 avg=10.601425 p(90)=11.762841 p(95)=11.874084 p(99)=11.9824  max=11.999291

    HTTP
    http_req_duration..............: min=3.2ms    med=9.07ms    avg=29.61ms   p(90)=98ms      p(95)=114.72ms  p(99)=173.16ms max=757.89ms 
      { expected_response:true }...: min=3.2ms    med=9.07ms    avg=29.61ms   p(90)=98ms      p(95)=114.72ms  p(99)=173.16ms max=757.89ms 
    http_req_failed................: 0.00%  0 out of 2620
    http_reqs......................: 2620   18.079725/s

    EXECUTION
    iteration_duration.............: min=3.41ms   med=8.6ms     avg=22.56ms   p(90)=85.9ms    p(95)=100.43ms  p(99)=161.35ms max=397.46ms 
    iterations.....................: 2400   16.56158/s
    vus............................: 0      min=0         max=2  
    vus_max........................: 200    min=200       max=200

    NETWORK
    data_received..................: 2.0 MB 14 kB/s
    data_sent......................: 738 kB 5.1 kB/s



