time="2026-09-27T14:57:27Z" level=warning msg="Legacy env var detected, use --features or K6_FEATURES instead" env=K6_PROMETHEUS_RW_TREND_AS_NATIVE_HISTOGRAM feature=native-histograms lifecycle=deprecated_alias source=env_legacy_alias
time="2026-09-27T14:57:27Z" level=info msg="Experimental feature enabled" feature=native-histograms lifecycle=experimental
time="2026-09-27T14:57:54Z" level=info msg="SCENARIO_START 2026-09-27T14:57:54.722Z" source=console


  █ TOTAL RESULTS 

    checks_total.......: 421     8.966609/s
    checks_succeeded...: 100.00% 421 out of 421
    checks_failed......: 0.00%   0 out of 421

    ✓ setup-login 200
    ✓ history 200
    ✓ login 200
    ✓ balance 200
    ✓ transfer 201
    ✓ customer-accounts 200
    ✓ account 200

    HTTP
    http_req_duration..............: min=3.33ms med=96.29ms avg=77.22ms p(90)=138.38ms p(95)=162.88ms p(99)=234.72ms max=374.99ms
      { expected_response:true }...: min=3.33ms med=96.29ms avg=77.22ms p(90)=138.38ms p(95)=162.88ms p(99)=234.72ms max=374.99ms
    http_req_failed................: 0.00%  0 out of 421
    http_reqs......................: 421    8.966609/s

    EXECUTION
    iteration_duration.............: min=5.93ms med=17.16ms avg=32.85ms p(90)=110.12ms p(95)=120.94ms p(99)=164.91ms max=303.57ms
    iterations.....................: 201    4.28097/s
    vus............................: 0      min=0        max=1  
    vus_max........................: 200    min=200      max=200

    NETWORK
    data_received..................: 866 kB 18 kB/s
    data_sent......................: 529 kB 11 kB/s



