time="2026-09-27T16:59:09Z" level=warning msg="Legacy env var detected, use --features or K6_FEATURES instead" env=K6_PROMETHEUS_RW_TREND_AS_NATIVE_HISTOGRAM feature=native-histograms lifecycle=deprecated_alias source=env_legacy_alias
time="2026-09-27T16:59:09Z" level=info msg="Experimental feature enabled" feature=native-histograms lifecycle=experimental
time="2026-09-27T16:59:33Z" level=info msg="SCENARIO_START 2026-09-27T16:59:33.149Z" source=console


  █ TOTAL RESULTS 

    checks_total.......: 2620    18.25523/s
    checks_succeeded...: 100.00% 2620 out of 2620
    checks_failed......: 0.00%   0 out of 2620

    ✓ setup-login 200
    ✓ account 200
    ✓ history 200
    ✓ balance 200
    ✓ transfer 201
    ✓ customer-accounts 200
    ✓ login 200

    HTTP
    http_req_duration..............: min=3.28ms med=10.74ms avg=33.19ms p(90)=102.87ms p(95)=116.03ms p(99)=182.72ms max=1.08s
      { expected_response:true }...: min=3.28ms med=10.74ms avg=33.19ms p(90)=102.87ms p(95)=116.03ms p(99)=182.72ms max=1.08s
    http_req_failed................: 0.00%  0 out of 2620
    http_reqs......................: 2620   18.25523/s

    EXECUTION
    iteration_duration.............: min=3.47ms med=9.76ms  avg=27.07ms p(90)=91.49ms  p(95)=110.73ms p(99)=182.04ms max=1.08s
    iterations.....................: 2400   16.722348/s
    vus............................: 0      min=0         max=4  
    vus_max........................: 200    min=200       max=200

    NETWORK
    data_received..................: 2.0 MB 14 kB/s
    data_sent......................: 739 kB 5.1 kB/s



