time="2026-09-28T07:50:21Z" level=warning msg="Legacy env var detected, use --features or K6_FEATURES instead" env=K6_PROMETHEUS_RW_TREND_AS_NATIVE_HISTOGRAM feature=native-histograms lifecycle=deprecated_alias source=env_legacy_alias
time="2026-09-28T07:50:21Z" level=info msg="Experimental feature enabled" feature=native-histograms lifecycle=experimental
time="2026-09-28T07:50:41Z" level=info msg="SCENARIO_START 2026-09-28T07:50:41.676Z" source=console


  █ TOTAL RESULTS 

    checks_total.......: 14010   53.827957/s
    checks_succeeded...: 100.00% 14010 out of 14010
    checks_failed......: 0.00%   0 out of 14010

    ✓ setup-login 200
    ✓ parallel-balance 200
    ✓ hot-transfer 201

    CUSTOM
    relogin_after_minutes..........: min=9.043087 med=10.523822 avg=10.527448 p(90)=11.731802 p(95)=11.914263 p(99)=11.98816 max=11.990209

    HTTP
    http_req_duration..............: min=2.02ms   med=7.81ms    avg=11.45ms   p(90)=16.08ms   p(95)=25.61ms   p(99)=95.05ms  max=534.27ms 
      { expected_response:true }...: min=2.02ms   med=7.81ms    avg=11.45ms   p(90)=16.08ms   p(95)=25.61ms   p(99)=95.05ms  max=534.27ms 
    http_req_failed................: 0.00%  0 out of 14010
    http_reqs......................: 14010  53.827957/s

    EXECUTION
    iteration_duration.............: min=2.16ms   med=7.98ms    avg=10.4ms    p(90)=15.2ms    p(95)=21.17ms   p(99)=53.1ms   max=536.42ms 
    iterations.....................: 13790  52.982693/s
    vus............................: 1      min=0          max=13 
    vus_max........................: 120    min=120        max=120

    NETWORK
    data_received..................: 5.2 MB 20 kB/s
    data_sent......................: 2.5 MB 9.4 kB/s



