time="2026-09-28T01:05:10Z" level=warning msg="Legacy env var detected, use --features or K6_FEATURES instead" env=K6_PROMETHEUS_RW_TREND_AS_NATIVE_HISTOGRAM feature=native-histograms lifecycle=deprecated_alias source=env_legacy_alias
time="2026-09-28T01:05:10Z" level=info msg="Experimental feature enabled" feature=native-histograms lifecycle=experimental
time="2026-09-28T01:05:34Z" level=info msg="SCENARIO_START 2026-09-28T01:05:34.320Z" source=console


  █ TOTAL RESULTS 

    checks_total.......: 2621    18.267659/s
    checks_succeeded...: 100.00% 2621 out of 2621
    checks_failed......: 0.00%   0 out of 2621

    ✓ setup-login 200
    ✓ customer-accounts 200
    ✓ account 200
    ✓ history 200
    ✓ balance 200
    ✓ transfer 201
    ✓ login 200

    CUSTOM
    relogin_after_minutes..........: min=9.002145 med=10.515991 avg=10.544233 p(90)=11.696383 p(95)=11.862839 p(99)=11.958161 max=11.979809

    HTTP
    http_req_duration..............: min=3.18ms   med=7.71ms    avg=29.24ms   p(90)=97.07ms   p(95)=111.51ms  p(99)=173.71ms  max=832.73ms 
      { expected_response:true }...: min=3.18ms   med=7.71ms    avg=29.24ms   p(90)=97.07ms   p(95)=111.51ms  p(99)=173.71ms  max=832.73ms 
    http_req_failed................: 0.00%  0 out of 2621
    http_reqs......................: 2621   18.267659/s

    EXECUTION
    iteration_duration.............: min=3.46ms   med=7.4ms     avg=22.78ms   p(90)=83.89ms   p(95)=95.91ms   p(99)=177.09ms  max=833.15ms 
    iterations.....................: 2401   16.734318/s
    vus............................: 0      min=0         max=4  
    vus_max........................: 200    min=200       max=200

    NETWORK
    data_received..................: 2.0 MB 14 kB/s
    data_sent......................: 734 kB 5.1 kB/s



