time="2026-09-28T00:58:20Z" level=warning msg="Legacy env var detected, use --features or K6_FEATURES instead" env=K6_PROMETHEUS_RW_TREND_AS_NATIVE_HISTOGRAM feature=native-histograms lifecycle=deprecated_alias source=env_legacy_alias
time="2026-09-28T00:58:20Z" level=info msg="Experimental feature enabled" feature=native-histograms lifecycle=experimental
time="2026-09-28T00:58:44Z" level=info msg="SCENARIO_START 2026-09-28T00:58:44.953Z" source=console


  █ TOTAL RESULTS 

    checks_total.......: 2621    18.175188/s
    checks_succeeded...: 100.00% 2621 out of 2621
    checks_failed......: 0.00%   0 out of 2621

    ✓ setup-login 200
    ✓ account 200
    ✓ balance 200
    ✓ history 200
    ✓ transfer 201
    ✓ customer-accounts 200
    ✓ login 200

    CUSTOM
    relogin_after_minutes..........: min=9.005726 med=10.448811 avg=10.48598 p(90)=11.60102 p(95)=11.813298 p(99)=11.968085 max=11.997676

    HTTP
    http_req_duration..............: min=3.2ms    med=10.28ms   avg=31.56ms  p(90)=100.26ms p(95)=116.83ms  p(99)=168.72ms  max=487.95ms 
      { expected_response:true }...: min=3.2ms    med=10.28ms   avg=31.56ms  p(90)=100.26ms p(95)=116.83ms  p(99)=168.72ms  max=487.95ms 
    http_req_failed................: 0.00%  0 out of 2621
    http_reqs......................: 2621   18.175188/s

    EXECUTION
    iteration_duration.............: min=3.49ms   med=9.46ms    avg=25.03ms  p(90)=87ms     p(95)=101.72ms  p(99)=169.3ms   max=488.34ms 
    iterations.....................: 2401   16.649609/s
    vus............................: 0      min=0         max=2  
    vus_max........................: 200    min=200       max=200

    NETWORK
    data_received..................: 2.0 MB 14 kB/s
    data_sent......................: 741 kB 5.1 kB/s



