time="2026-09-28T06:50:56Z" level=warning msg="Legacy env var detected, use --features or K6_FEATURES instead" env=K6_PROMETHEUS_RW_TREND_AS_NATIVE_HISTOGRAM feature=native-histograms lifecycle=deprecated_alias source=env_legacy_alias
time="2026-09-28T06:50:56Z" level=info msg="Experimental feature enabled" feature=native-histograms lifecycle=experimental
time="2026-09-28T06:51:18Z" level=info msg="SCENARIO_START 2026-09-28T06:51:18.706Z" source=console


  █ TOTAL RESULTS 

    checks_total.......: 2620    18.426219/s
    checks_succeeded...: 100.00% 2620 out of 2620
    checks_failed......: 0.00%   0 out of 2620

    ✓ setup-login 200
    ✓ customer-accounts 200
    ✓ account 200
    ✓ history 200
    ✓ transfer 201
    ✓ balance 200
    ✓ login 200

    CUSTOM
    relogin_after_minutes..........: min=9.006134 med=10.365471 avg=10.393514 p(90)=11.52041 p(95)=11.711346 p(99)=11.93908 max=11.955082

    HTTP
    http_req_duration..............: min=3ms      med=8.3ms     avg=26.04ms   p(90)=94.49ms  p(95)=102.97ms  p(99)=125.19ms max=401.92ms 
      { expected_response:true }...: min=3ms      med=8.3ms     avg=26.04ms   p(90)=94.49ms  p(95)=102.97ms  p(99)=125.19ms max=401.92ms 
    http_req_failed................: 0.00%  0 out of 2620
    http_reqs......................: 2620   18.426219/s

    EXECUTION
    iteration_duration.............: min=3.19ms   med=8.07ms    avg=19.7ms    p(90)=56.15ms  p(95)=95.39ms   p(99)=120.47ms max=402.28ms 
    iterations.....................: 2400   16.87898/s
    vus............................: 0      min=0         max=2  
    vus_max........................: 200    min=200       max=200

    NETWORK
    data_received..................: 2.0 MB 14 kB/s
    data_sent......................: 739 kB 5.2 kB/s



