time="2026-09-28T14:11:48Z" level=warning msg="Legacy env var detected, use --features or K6_FEATURES instead" env=K6_PROMETHEUS_RW_TREND_AS_NATIVE_HISTOGRAM feature=native-histograms lifecycle=deprecated_alias source=env_legacy_alias
time="2026-09-28T14:11:48Z" level=info msg="Experimental feature enabled" feature=native-histograms lifecycle=experimental
time="2026-09-28T14:12:12Z" level=info msg="SCENARIO_START 2026-09-28T14:12:12.167Z" source=console


  █ TOTAL RESULTS 

    checks_total.......: 49305   84.946122/s
    checks_succeeded...: 100.00% 49305 out of 49305
    checks_failed......: 0.00%   0 out of 49305

    ✓ setup-login 200
    ✓ parallel-balance 200
    ✓ hot-transfer 201
    ✓ relogin 200

    CUSTOM
    relogin_after_minutes..........: min=9.050827 med=10.590047 avg=10.527153 p(90)=11.649477 p(95)=11.787841 p(99)=11.914268 max=11.929597

    HTTP
    http_req_duration..............: min=1.77ms   med=7.5ms     avg=26.23ms   p(90)=22.53ms   p(95)=87.39ms   p(99)=620.84ms  max=1.98s    
      { expected_response:true }...: min=1.77ms   med=7.5ms     avg=26.23ms   p(90)=22.53ms   p(95)=87.39ms   p(99)=620.84ms  max=1.98s    
    http_req_failed................: 0.00%  0 out of 49305
    http_reqs......................: 49305  84.946122/s

    EXECUTION
    dropped_iterations.............: 10     0.017229/s
    iteration_duration.............: min=1.9ms    med=7.69ms    avg=26.07ms   p(90)=21.62ms   p(95)=72.46ms   p(99)=624.38ms  max=1.98s    
    iterations.....................: 49063  84.529187/s
    vus............................: 1      min=0          max=123
    vus_max........................: 130    min=120        max=130

    NETWORK
    data_received..................: 17 MB  30 kB/s
    data_sent......................: 8.9 MB 15 kB/s



time="2026-09-28T14:21:28Z" level=error msg="test run was aborted because k6 received a 'interrupt' signal"
