time="2026-09-28T01:47:24Z" level=warning msg="Legacy env var detected, use --features or K6_FEATURES instead" env=K6_PROMETHEUS_RW_TREND_AS_NATIVE_HISTOGRAM feature=native-histograms lifecycle=deprecated_alias source=env_legacy_alias
time="2026-09-28T01:47:24Z" level=info msg="Experimental feature enabled" feature=native-histograms lifecycle=experimental
time="2026-09-28T01:47:46Z" level=info msg="SCENARIO_START 2026-09-28T01:47:46.667Z" source=console


  █ TOTAL RESULTS 

    checks_total.......: 2621    18.426174/s
    checks_succeeded...: 100.00% 2621 out of 2621
    checks_failed......: 0.00%   0 out of 2621

    ✓ setup-login 200
    ✓ history 200
    ✓ balance 200
    ✓ account 200
    ✓ transfer 201
    ✓ customer-accounts 200
    ✓ login 200

    CUSTOM
    relogin_after_minutes..........: min=9.002337 med=10.453939 avg=10.425029 p(90)=11.686266 p(95)=11.855439 p(99)=11.936664 max=11.973234

    HTTP
    http_req_duration..............: min=3.11ms   med=7.99ms    avg=26.78ms   p(90)=94.37ms   p(95)=102.84ms  p(99)=138.46ms  max=546.43ms 
      { expected_response:true }...: min=3.11ms   med=7.99ms    avg=26.78ms   p(90)=94.37ms   p(95)=102.84ms  p(99)=138.46ms  max=546.43ms 
    http_req_failed................: 0.00%  0 out of 2621
    http_reqs......................: 2621   18.426174/s

    EXECUTION
    iteration_duration.............: min=3.39ms   med=7.58ms    avg=20.59ms   p(90)=77.75ms   p(95)=94.79ms   p(99)=137ms     max=546.86ms 
    iterations.....................: 2401   16.879528/s
    vus............................: 0      min=0         max=4  
    vus_max........................: 200    min=200       max=200

    NETWORK
    data_received..................: 2.0 MB 14 kB/s
    data_sent......................: 734 kB 5.2 kB/s



