time="2026-09-28T03:03:40Z" level=warning msg="Legacy env var detected, use --features or K6_FEATURES instead" env=K6_PROMETHEUS_RW_TREND_AS_NATIVE_HISTOGRAM feature=native-histograms lifecycle=deprecated_alias source=env_legacy_alias
time="2026-09-28T03:03:40Z" level=info msg="Experimental feature enabled" feature=native-histograms lifecycle=experimental
time="2026-09-28T03:04:04Z" level=info msg="SCENARIO_START 2026-09-28T03:04:04.454Z" source=console


  █ TOTAL RESULTS 

    checks_total.......: 2621    18.299111/s
    checks_succeeded...: 100.00% 2621 out of 2621
    checks_failed......: 0.00%   0 out of 2621

    ✓ setup-login 200
    ✓ balance 200
    ✓ login 200
    ✓ account 200
    ✓ history 200
    ✓ customer-accounts 200
    ✓ transfer 201

    CUSTOM
    relogin_after_minutes..........: min=9.013953 med=10.446948 avg=10.44302 p(90)=11.6494 p(95)=11.804255 p(99)=11.949707 max=11.967322

    HTTP
    http_req_duration..............: min=3.14ms   med=7.7ms     avg=26.64ms  p(90)=91.77ms p(95)=101.12ms  p(99)=130.52ms  max=655.81ms 
      { expected_response:true }...: min=3.14ms   med=7.7ms     avg=26.64ms  p(90)=91.77ms p(95)=101.12ms  p(99)=130.52ms  max=655.81ms 
    http_req_failed................: 0.00%  0 out of 2621
    http_reqs......................: 2621   18.299111/s

    EXECUTION
    iteration_duration.............: min=3.44ms   med=7.51ms    avg=20.05ms  p(90)=83.44ms p(95)=90.68ms   p(99)=124.59ms  max=489.16ms 
    iterations.....................: 2401   16.763131/s
    vus............................: 0      min=0         max=5  
    vus_max........................: 200    min=200       max=200

    NETWORK
    data_received..................: 2.0 MB 14 kB/s
    data_sent......................: 740 kB 5.2 kB/s



