time="2026-09-28T03:18:39Z" level=warning msg="Legacy env var detected, use --features or K6_FEATURES instead" env=K6_PROMETHEUS_RW_TREND_AS_NATIVE_HISTOGRAM feature=native-histograms lifecycle=deprecated_alias source=env_legacy_alias
time="2026-09-28T03:18:39Z" level=info msg="Experimental feature enabled" feature=native-histograms lifecycle=experimental
time="2026-09-28T03:19:03Z" level=info msg="SCENARIO_START 2026-09-28T03:19:03.618Z" source=console


  █ TOTAL RESULTS 

    checks_total.......: 2620    18.269669/s
    checks_succeeded...: 100.00% 2620 out of 2620
    checks_failed......: 0.00%   0 out of 2620

    ✓ setup-login 200
    ✓ balance 200
    ✓ customer-accounts 200
    ✓ history 200
    ✓ account 200
    ✓ transfer 201
    ✓ login 200

    CUSTOM
    relogin_after_minutes..........: min=9.035874 med=10.352577 avg=10.434975 p(90)=11.672422 p(95)=11.842121 p(99)=11.935885 max=11.954476

    HTTP
    http_req_duration..............: min=3.23ms   med=8.33ms    avg=28.54ms   p(90)=95.42ms   p(95)=107.78ms  p(99)=148.06ms  max=983.01ms 
      { expected_response:true }...: min=3.23ms   med=8.33ms    avg=28.54ms   p(90)=95.42ms   p(95)=107.78ms  p(99)=148.06ms  max=983.01ms 
    http_req_failed................: 0.00%  0 out of 2620
    http_reqs......................: 2620   18.269669/s

    EXECUTION
    iteration_duration.............: min=3.52ms   med=8.11ms    avg=22.03ms   p(90)=84.68ms   p(95)=97.48ms   p(99)=141.47ms  max=983.37ms 
    iterations.....................: 2400   16.735575/s
    vus............................: 0      min=0         max=2  
    vus_max........................: 200    min=200       max=200

    NETWORK
    data_received..................: 2.0 MB 14 kB/s
    data_sent......................: 734 kB 5.1 kB/s



